[36mvite v7.3.1 [32mbuilding client environment for production...[36m[39m
transforming...
node.exe : 
[33m[plugin 
vite:esbuild] src/compo
nents/practice/class-8/
squares_and_square_root
s/SquaresAndSquareRoots
Test.jsx: 
[33mDuplicate key 
"display" in object 
literal[33m
At C:\Program Files\nod
ejs\npx.ps1:29 char:3
+   & $NODE_EXE 
$NPX_CLI_JS $args
+   ~~~~~~~~~~~~~~~~~~~
~~~~~~~~~~
    + CategoryInfo     
         : NotSpecifi  
  ed: ([33m[plugin    
 vi...ct literal[3    
3m:String) [], Rem    
oteException
    + FullyQualifiedEr 
   rorId : NativeComm  
  andError
 
242 |                  
                    
<summary className="sol
ution-header 
cursor-pointer 
hover:bg-slate-50 
transition-c...
243 |                  
                       
 <div style={{ 
display: 'flex', 
alignItems: 'center', 
gap: '1rem', flex: 1, 
ov...
244 |  ...r', 
borderRadius: '50%', 
fontSize: '0.9rem', 
flexShrink: 0, 
display: 'flex', 
justifyContent: 
'center' }}>{idx + 
1}...
    |                  
                       
                       
 ^
245 |                  
                       
     <div 
className="hidden 
md:block truncate 
text-sm 
text-slate-500" 
style={{...
246 |                  
                       
         <LatexText 
text={q.text} />
[39m
[33m[plugin 
vite:esbuild] src/compo
nents/practice/class-10
/Pair of linear 
equations in two variab
les/StandardFormEquatio
ns.jsx: [33mDuplicate 
key "difficulty_level" 
in object literal[33m
221 |                  
skill_id: SKILL_ID,
222 |                  
template_id: null,
223 |                  
difficulty_level: 
qIndex < 3 ? 'Easy' : 
qIndex < 6 ? 'Medium' 
: 'Hard',
    |                  
^
224 |                  
question_text: 
String(question.text 
|| ''),
225 |                  
correct_answer: String(
question.correctAnswer 
|| ''),
[39m
[32mΓ£ô[39m 3415 modules transformed.
[31mΓ£ù[39m Build 
failed in 6.13s
[31merror during 
build:
[31msrc/components/pra
ctice/class-7/DataHandl
ing/DeepDive/Tests/Data
HandlingMediumTest.jsx 
(9:4): "generateDecimal
ShiftQuestions" is not 
exported by "src/compon
ents/practice/class-7/D
ataHandling/Topics/Skil
ls/dataHandlingQuestion
s.js", imported by "src
/components/practice/cl
ass-7/DataHandling/Deep
Dive/Tests/DataHandling
MediumTest.jsx".[31m
file: [36mE:/LD/fronte
nd/src/components/pract
ice/class-7/DataHandlin
g/DeepDive/Tests/DataHa
ndlingMediumTest.jsx:9:
4[31m
[33m
 7: import mascotImg 
from '../../../../../..
/assets/mascot.png';
 8: import {
 9:     generateDecimal
ShiftQuestions,
        ^
10:     generateMedianA
ssessment,
11:     generateBarGrap
hAssessment,
[31m
    at getRollupError (
file:///E:/LD/frontend/
node_modules/rollup/dis
t/es/shared/parseAst.js
:401:41)
    at error (file:///E
:/LD/frontend/node_modu
les/rollup/dist/es/shar
ed/parseAst.js:397:42)
    at Module.error (fi
le:///E:/LD/frontend/no
de_modules/rollup/dist/
es/shared/node-entry.js
:17022:16)
    at 
Module.traceVariable (f
ile:///E:/LD/frontend/n
ode_modules/rollup/dist
/es/shared/node-entry.j
s:17478:29)
    at ModuleScope.find
Variable (file:///E:/LD
/frontend/node_modules/
rollup/dist/es/shared/n
ode-entry.js:15141:39)
    at FunctionScope.fi
ndVariable (file:///E:/
LD/frontend/node_module
s/rollup/dist/es/shared
/node-entry.js:5688:38)
    at FunctionBodyScop
e.findVariable (file://
/E:/LD/frontend/node_mo
dules/rollup/dist/es/sh
ared/node-entry.js:5688
:38)
    at ReturnValueScope
.findVariable (file:///
E:/LD/frontend/node_mod
ules/rollup/dist/es/sha
red/node-entry.js:5688:
38)
    at FunctionBodyScop
e.findVariable (file://
/E:/LD/frontend/node_mo
dules/rollup/dist/es/sh
ared/node-entry.js:5688
:38)
    at Identifier.bind 
(file:///E:/LD/frontend
/node_modules/rollup/di
st/es/shared/node-entry
.js:5462:40)[39m
